5(asctime)s - repository - DEBUG - Slots in DB: 10
5(asctime)s - __main__ - INFO - Parking Lot Advant-Parking-Lot initialized
02-Aug-26 17:37:22 - repository - DEBUG - Slots in DB: 10
02-Aug-26 17:37:22 - __main__ - INFO - Parking Lot Advant-Parking-Lot initialized
02-Aug-26 17:39:19 - repository - DEBUG - Slots in DB: 10
02-Aug-26 17:39:19 - __main__ - INFO - Parking Lot Advant-Parking-Lot initialized
02-Aug-26 17:40:57 - repository - DEBUG - Slots in DB: 10
02-Aug-26 17:40:57 - __main__ - INFO - Parking Lot Advant-Parking-Lot initialized
02-Aug-26 17:42:42 - repository - DEBUG - Slots in DB: 0
02-Aug-26 17:42:42 - controller - DEBUG - Slot C1 created
02-Aug-26 17:42:42 - controller - DEBUG - Slot C2 created
02-Aug-26 17:42:42 - controller - DEBUG - Slot C3 created
02-Aug-26 17:42:42 - controller - DEBUG - Slot C4 created
02-Aug-26 17:42:42 - controller - DEBUG - Slot C5 created
02-Aug-26 17:42:42 - controller - DEBUG - Slot C6 created
02-Aug-26 17:42:42 - controller - DEBUG - Slot C7 created
02-Aug-26 17:42:42 - controller - DEBUG - Slot C8 created
02-Aug-26 17:42:42 - controller - DEBUG - Slot C9 created
02-Aug-26 17:42:42 - controller - DEBUG - Slot C10 created
02-Aug-26 17:42:42 - controller - DEBUG - Slot C11 created
02-Aug-26 17:42:42 - controller - DEBUG - Slot C12 created
02-Aug-26 17:42:42 - controller - DEBUG - Slot C13 created
02-Aug-26 17:42:42 - controller - DEBUG - Slot C14 created
02-Aug-26 17:42:42 - controller - DEBUG - Slot C15 created
02-Aug-26 17:42:42 - controller - DEBUG - Slot B1 created
02-Aug-26 17:42:42 - controller - DEBUG - Slot B2 created
02-Aug-26 17:42:42 - controller - DEBUG - Slot B3 created
02-Aug-26 17:42:42 - controller - DEBUG - Slot T1 created
02-Aug-26 17:42:42 - controller - DEBUG - Slot T2 created
02-Aug-26 17:42:42 - __main__ - INFO - Parking Lot Advant-Parking-Lot initialized
02-Aug-26 17:43:48 - repository - DEBUG - Slots in DB: 20
02-Aug-26 17:43:48 - __main__ - INFO - Parking Lot Advant-Parking-Lot initialized
02-Aug-26 17:44:04 - repository - DEBUG - Available slot found for car: C1
02-Aug-26 17:44:04 - repository - INFO - Ticket saved: 94215337-452c-46e8-a5d7-1b6cf62a5073
02-Aug-26 17:44:04 - controller - INFO - Vehicle DL01-1234 parked at slot C1
02-Aug-26 17:44:04 - view - INFO - Ticket shown for vehicle DL01-1234
